Copyright 1986-2018 Xilinx, Inc. All Rights Reserved.
-------------------------------------------------------------------------------------------------------------------------------
| Tool Version     : Vivado v.2018.1 (win64) Build 2188600 Wed Apr  4 18:40:38 MDT 2018
| Date             : Tue May 15 10:05:55 2018
| Host             : DESKTOP-F0JIDD9 running 64-bit major release  (build 9200)
| Command          : report_power -file top_power_routed.rpt -pb top_power_summary_routed.pb -rpx top_power_routed.rpx
| Design           : top
| Device           : xc7a100tcsg324-1
| Design State     : routed
| Grade            : commercial
| Process          : typical
| Characterization : Production
-------------------------------------------------------------------------------------------------------------------------------

Power Report

Table of Contents
-----------------
1. Summary
1.1 On-Chip Components
1.2 Power Supply Summary
1.3 Confidence Level
2. Settings
2.1 Environment
2.2 Clock Constraints
3. Detailed Reports
3.1 By Hierarchy

1. Summary
----------

+--------------------------+--------------+
| Total On-Chip Power (W)  | 0.133        |
| Design Power Budget (W)  | Unspecified* |
| Power Budget Margin (W)  | NA           |
| Dynamic (W)              | 0.036        |
| Device Static (W)        | 0.097        |
| Effective TJA (C/W)      | 4.6          |
| Max Ambient (C)          | 84.4         |
| Junction Temperature (C) | 25.6         |
| Confidence Level         | Low          |
| Setting File             | ---          |
| Simulation Activity File | ---          |
| Design Nets Matched      | NA           |
+--------------------------+--------------+
* Specify Design Power Budget using, set_operating_conditions -design_power_budget <value in Watts>


1.1 On-Chip Components
----------------------

+--------------------------+-----------+----------+-----------+-----------------+
| On-Chip                  | Power (W) | Used     | Available | Utilization (%) |
+--------------------------+-----------+----------+-----------+-----------------+
| Clocks                   |    <0.001 |        3 |       --- |             --- |
| Slice Logic              |     0.012 |     2375 |       --- |             --- |
|   LUT as Logic           |     0.011 |     1616 |     63400 |            2.55 |
|   LUT as Distributed RAM |     0.001 |      136 |     19000 |            0.72 |
|   CARRY4                 |    <0.001 |       36 |     15850 |            0.23 |
|   Register               |    <0.001 |      275 |    126800 |            0.22 |
|   F7/F8 Muxes            |    <0.001 |      135 |     63400 |            0.21 |
|   BUFG                   |    <0.001 |        1 |        32 |            3.13 |
|   Others                 |     0.000 |       15 |       --- |             --- |
| Signals                  |     0.014 |     1953 |       --- |             --- |
| I/O                      |     0.009 |       46 |       210 |           21.90 |
| Static Power             |     0.097 |          |           |                 |
| Total                    |     0.133 |          |           |                 |
+--------------------------+-----------+----------+-----------+-----------------+


1.2 Power Supply Summary
------------------------

+-----------+-------------+-----------+-------------+------------+
| Source    | Voltage (V) | Total (A) | Dynamic (A) | Static (A) |
+-----------+-------------+-----------+-------------+------------+
| Vccint    |       1.000 |     0.042 |       0.027 |      0.015 |
| Vccaux    |       1.800 |     0.018 |       0.000 |      0.018 |
| Vcco33    |       3.300 |     0.006 |       0.002 |      0.004 |
| Vcco25    |       2.500 |     0.000 |       0.000 |      0.000 |
| Vcco18    |       1.800 |     0.000 |       0.000 |      0.000 |
| Vcco15    |       1.500 |     0.000 |       0.000 |      0.000 |
| Vcco135   |       1.350 |     0.000 |       0.000 |      0.000 |
| Vcco12    |       1.200 |     0.000 |       0.000 |      0.000 |
| Vccaux_io |       1.800 |     0.000 |       0.000 |      0.000 |
| Vccbram   |       1.000 |     0.000 |       0.000 |      0.000 |
| MGTAVcc   |       1.000 |     0.000 |       0.000 |      0.000 |
| MGTAVtt   |       1.200 |     0.000 |       0.000 |      0.000 |
| Vccadc    |       1.800 |     0.020 |       0.000 |      0.020 |
+-----------+-------------+-----------+-------------+------------+


1.3 Confidence Level
--------------------

+-----------------------------+------------+--------------------------------------------------------+--------------------------------------------------------------------------------------------------------------------+
| User Input Data             | Confidence | Details                                                | Action                                                                                                             |
+-----------------------------+------------+--------------------------------------------------------+--------------------------------------------------------------------------------------------------------------------+
| Design implementation state | High       | Design is routed                                       |                                                                                                                    |
| Clock nodes activity        | Low        | User specified less than 75% of clocks                 | Provide missing clock activity with a constraint file, simulation results or by editing the "By Clock Domain" view |
| I/O nodes activity          | Low        | More than 75% of inputs are missing user specification | Provide missing input activity with simulation results or by editing the "By Resource Type -> I/Os" view           |
| Internal nodes activity     | Medium     | User specified less than 25% of internal nodes         | Provide missing internal nodes activity with simulation results or by editing the "By Resource Type" views         |
| Device models               | High       | Device models are Production                           |                                                                                                                    |
|                             |            |                                                        |                                                                                                                    |
| Overall confidence level    | Low        |                                                        |                                                                                                                    |
+-----------------------------+------------+--------------------------------------------------------+--------------------------------------------------------------------------------------------------------------------+


2. Settings
-----------

2.1 Environment
---------------

+-----------------------+--------------------------+
| Ambient Temp (C)      | 25.0                     |
| ThetaJA (C/W)         | 4.6                      |
| Airflow (LFM)         | 250                      |
| Heat Sink             | medium (Medium Profile)  |
| ThetaSA (C/W)         | 4.6                      |
| Board Selection       | medium (10"x10")         |
| # of Board Layers     | 12to15 (12 to 15 Layers) |
| Board Temperature (C) | 25.0                     |
+-----------------------+--------------------------+


2.2 Clock Constraints
---------------------

+-------------+-----------+-----------------+
| Clock       | Domain    | Constraint (ns) |
+-------------+-----------+-----------------+
| sys_clk_pin | CLK100MHZ |            10.0 |
+-------------+-----------+-----------------+


3. Detailed Reports
-------------------

3.1 By Hierarchy
----------------

+------------------------------+-----------+
| Name                         | Power (W) |
+------------------------------+-----------+
| top                          |     0.036 |
|   MEM                        |     0.001 |
|     RAM_reg_0_63_0_0         |    <0.001 |
|     RAM_reg_0_63_10_10       |    <0.001 |
|     RAM_reg_0_63_11_11       |    <0.001 |
|     RAM_reg_0_63_12_12       |    <0.001 |
|     RAM_reg_0_63_13_13       |    <0.001 |
|     RAM_reg_0_63_14_14       |    <0.001 |
|     RAM_reg_0_63_15_15       |    <0.001 |
|     RAM_reg_0_63_16_16       |    <0.001 |
|     RAM_reg_0_63_17_17       |    <0.001 |
|     RAM_reg_0_63_18_18       |    <0.001 |
|     RAM_reg_0_63_19_19       |    <0.001 |
|     RAM_reg_0_63_1_1         |    <0.001 |
|     RAM_reg_0_63_20_20       |    <0.001 |
|     RAM_reg_0_63_21_21       |    <0.001 |
|     RAM_reg_0_63_22_22       |    <0.001 |
|     RAM_reg_0_63_23_23       |    <0.001 |
|     RAM_reg_0_63_24_24       |    <0.001 |
|     RAM_reg_0_63_25_25       |    <0.001 |
|     RAM_reg_0_63_26_26       |    <0.001 |
|     RAM_reg_0_63_27_27       |    <0.001 |
|     RAM_reg_0_63_28_28       |    <0.001 |
|     RAM_reg_0_63_29_29       |    <0.001 |
|     RAM_reg_0_63_2_2         |    <0.001 |
|     RAM_reg_0_63_30_30       |    <0.001 |
|     RAM_reg_0_63_31_31       |    <0.001 |
|     RAM_reg_0_63_3_3         |    <0.001 |
|     RAM_reg_0_63_4_4         |    <0.001 |
|     RAM_reg_0_63_5_5         |    <0.001 |
|     RAM_reg_0_63_6_6         |    <0.001 |
|     RAM_reg_0_63_7_7         |    <0.001 |
|     RAM_reg_0_63_8_8         |    <0.001 |
|     RAM_reg_0_63_9_9         |    <0.001 |
|   MIPS                       |     0.023 |
|     cu                       |     0.005 |
|       md                     |     0.005 |
|     dp                       |     0.017 |
|       adr_mux2               |    <0.001 |
|       aluout_reg             |     0.002 |
|       data_reg               |    <0.001 |
|       instr_reg              |     0.004 |
|       pc_reg                 |    <0.001 |
|       pcnext_mux3            |    <0.001 |
|       rd1_reg                |     0.003 |
|       rd2_reg                |     0.002 |
|       rf                     |     0.001 |
|         rf_reg_r1_0_31_0_5   |    <0.001 |
|         rf_reg_r1_0_31_12_17 |    <0.001 |
|         rf_reg_r1_0_31_18_23 |    <0.001 |
|         rf_reg_r1_0_31_24_29 |    <0.001 |
|         rf_reg_r1_0_31_30_31 |    <0.001 |
|         rf_reg_r1_0_31_6_11  |    <0.001 |
|         rf_reg_r2_0_31_0_5   |    <0.001 |
|         rf_reg_r2_0_31_12_17 |    <0.001 |
|         rf_reg_r2_0_31_18_23 |    <0.001 |
|         rf_reg_r2_0_31_24_29 |    <0.001 |
|         rf_reg_r2_0_31_30_31 |    <0.001 |
|         rf_reg_r2_0_31_6_11  |    <0.001 |
|         rf_reg_r3_0_31_0_5   |    <0.001 |
|         rf_reg_r3_0_31_12_17 |    <0.001 |
|         rf_reg_r3_0_31_18_23 |    <0.001 |
|         rf_reg_r3_0_31_24_29 |    <0.001 |
|         rf_reg_r3_0_31_30_31 |    <0.001 |
|         rf_reg_r3_0_31_6_11  |    <0.001 |
|       srca_mux4              |    <0.001 |
|       srcb_mux4              |     0.002 |
|       writedata3_mux2        |    <0.001 |
|       writereg_mux3          |    <0.001 |
|   c1                         |    <0.001 |
|   c2                         |    <0.001 |
+------------------------------+-----------+


