#-----------------------------------------------------------
# Vivado v2015.4 (64-bit)
# SW Build 1412921 on Wed Nov 18 09:43:45 MST 2015
# IP Build 1412160 on Tue Nov 17 13:47:24 MST 2015
# Start of session at: Tue Apr 10 11:14:59 2018
# Process ID: 420
# Current directory: C:/Users/ECHOES/Desktop/lab3/control_unit
# Command line: vivado.exe -gui_launcher_event rodinguilauncherevent2900 C:\Users\ECHOES\Desktop\lab3\control_unit\control_unit.xpr
# Log file: C:/Users/ECHOES/Desktop/lab3/control_unit/vivado.log
# Journal file: C:/Users/ECHOES/Desktop/lab3/control_unit\vivado.jou
#-----------------------------------------------------------
start_gui
open_project C:/Users/ECHOES/Desktop/lab3/control_unit/control_unit.xpr
file mkdir C:/Users/ECHOES/Desktop/lab3/control_unit/control_unit.srcs/sim_1/new
set_property SOURCE_SET sources_1 [get_filesets sim_1]
close [ open C:/Users/ECHOES/Desktop/lab3/control_unit/control_unit.srcs/sim_1/new/test_main_decoder.v w ]
add_files -fileset sim_1 C:/Users/ECHOES/Desktop/lab3/control_unit/control_unit.srcs/sim_1/new/test_main_decoder.v
update_compile_order -fileset sim_1
reset_run synth_1
launch_runs synth_1
wait_on_run synth_1
launch_simulation
source control_unit.tcl
close_sim
launch_simulation
source control_unit.tcl
close_sim
launch_simulation
source control_unit.tcl
close_sim
